2026-08-20 00:15:01,479 | INFO | log_path=D:\AI-file\tecent\logs\stage4\stage4_8_feature_dataset_smoke.log
2026-08-20 00:15:23,409 | INFO | Stage 4 unit tests output:
test_candidate_decimal_string_normalizes_to_item_integer (test_categorical_features.CategoricalFeaturesTest) ... ok
test_known_oov_and_missing_are_distinct (test_categorical_features.CategoricalFeaturesTest) ... ok
test_list_order_is_preserved_and_null_is_distinct_from_empty (test_categorical_features.CategoricalFeaturesTest) ... ok
test_feature_dataset_smoke_and_unseen_target_unk (test_count_and_dataset_contracts.CountAndDatasetContractsTest) ... ok
test_stage3_count_consistency_passes_and_mismatch_fails (test_count_and_dataset_contracts.CountAndDatasetContractsTest) ... ok
test_action_tokens_are_four_distinct_states (test_id_and_action_semantics.IdAndActionSemanticsTest) ... ok
test_retrieval_id_is_not_an_item_encoding_argument (test_id_and_action_semantics.IdAndActionSemanticsTest) ... ok
test_train_seen_gets_stable_token_and_unseen_gets_shared_unk (test_id_and_action_semantics.IdAndActionSemanticsTest) ... ok
test_alignment_and_nondecreasing_guards (test_sequence_and_time_features.SequenceAndTimeFeaturesTest) ... ok
test_history_alignment_length_and_strict_target_prefix (test_sequence_and_time_features.SequenceAndTimeFeaturesTest) ... ok
test_recency_gap_and_log_features_are_finite (test_sequence_and_time_features.SequenceAndTimeFeaturesTest) ... ok
test_candidate_item_normalization_and_mismatch_audit (test_source_and_multimodal_contracts.SourceAndMultimodalContractsTest) ... ok
test_candidate_mm_alignment_uses_row_order_not_retrieval_id (test_source_and_multimodal_contracts.SourceAndMultimodalContractsTest) ... ok
test_multimodal_valid_missing_and_fail_fast (test_source_and_multimodal_contracts.SourceAndMultimodalContractsTest) ... ok
test_source_precedence_is_explicit (test_source_and_multimodal_contracts.SourceAndMultimodalContractsTest) ... ok

----------------------------------------------------------------------
Ran 15 tests in 0.001s

OK

2026-08-20 00:15:25,646 | INFO | FeatureDataset smoke passed samples=300 elapsed_seconds=24.17
