2026-08-24 19:33:23,428 | INFO | device=cuda item_tokens=4783156 train_seen_negative_pool=4000039 epochs=3
2026-08-24 19:46:31,183 | INFO | epoch=1 train_loss=2.174313 validation_loss=2.105594 train_samples=6949073 validation_samples=62602 best=True
2026-08-24 20:00:33,428 | INFO | epoch=2 train_loss=1.971918 validation_loss=2.063635 train_samples=6949073 validation_samples=62602 best=True
2026-08-24 20:10:55,466 | INFO | epoch=3 train_loss=1.939246 validation_loss=2.046457 train_samples=6949073 validation_samples=62602 best=True
2026-08-24 20:10:55,472 | INFO | training complete best_epoch=3 elapsed_seconds=2264.97
2026-08-24 23:39:39,787 | INFO | recomputing epoch=3 validation baseline with scope=complete_train_seen before continuation
2026-08-24 23:42:54,402 | INFO | recomputed validation baseline loss=2.044727 train_seen_samples=284899
2026-08-24 23:42:54,408 | INFO | resuming checkpoint=D:\AI-file\tecent\artifacts\stage5\two_tower\checkpoints\best.pt completed_epoch=3 best_validation_loss=2.044727
2026-08-24 23:42:54,412 | INFO | device=cuda item_tokens=4783156 train_seen_negative_pool=4000039 epochs=4..12 validation_max_samples=None early_stopping_patience=2 min_delta=0.002000
2026-08-25 00:07:38,714 | INFO | epoch=4 train_loss=1.924630 validation_loss=2.035444 train_samples=6949073 validation_samples=284899 best=True significant=True bad_epochs=0/2
2026-08-25 00:14:24,904 | INFO | epoch=5 train_loss=1.915695 validation_loss=2.028958 train_samples=6949073 validation_samples=284899 best=True significant=True bad_epochs=0/2
2026-08-25 00:21:03,036 | INFO | epoch=6 train_loss=1.909493 validation_loss=2.024525 train_samples=6949073 validation_samples=284899 best=True significant=True bad_epochs=0/2
2026-08-25 00:27:40,901 | INFO | epoch=7 train_loss=1.904699 validation_loss=2.021056 train_samples=6949073 validation_samples=284899 best=True significant=True bad_epochs=0/2
2026-08-25 00:34:20,033 | INFO | epoch=8 train_loss=1.900845 validation_loss=2.018549 train_samples=6949073 validation_samples=284899 best=True significant=True bad_epochs=0/2
2026-08-25 18:46:18,985 | INFO | device=cuda item_tokens=4783156 train_seen_negative_pool=4000039 epochs=1..12 validation_max_samples=None early_stopping_patience=2 min_delta=0.002000
2026-08-25 19:32:13,402 | INFO | epoch=1 train_loss=2.174313 validation_loss=2.103992 train_samples=6949073 validation_samples=284899 best=True significant=True bad_epochs=0/2
2026-08-25 20:27:11,742 | INFO | epoch=2 train_loss=1.971918 validation_loss=2.061969 train_samples=6949073 validation_samples=284899 best=True significant=True bad_epochs=0/2
2026-08-25 21:11:29,105 | INFO | resuming checkpoint=D:\AI-file\tecent\artifacts\stage5\two_tower\checkpoints\best.pt completed_epoch=2 best_validation_loss=2.061969
2026-08-25 21:11:29,106 | INFO | device=cuda item_tokens=4783156 train_seen_negative_pool=4000039 epochs=3..12 validation_max_samples=None early_stopping_patience=2 min_delta=0.002000
2026-08-25 21:16:57,025 | INFO | epoch=3 train_loss=1.939246 validation_loss=2.044727 train_samples=6949073 validation_samples=284899 best=True significant=True bad_epochs=0/2 train_seconds=306.17 validation_seconds=14.30 checkpoint_seconds=7.23 rss_mb=12049.0 private_mb=16361.4 commit_available_mb=21748.1
2026-08-25 21:21:53,647 | INFO | epoch=4 train_loss=1.924630 validation_loss=2.035444 train_samples=6949073 validation_samples=284899 best=True significant=True bad_epochs=0/2 train_seconds=279.58 validation_seconds=15.20 checkpoint_seconds=1.84 rss_mb=13262.1 private_mb=17904.0 commit_available_mb=20782.9
2026-08-25 21:31:02,658 | INFO | epoch=5 train_loss=1.915695 validation_loss=2.028958 train_samples=6949073 validation_samples=284899 best=True significant=True bad_epochs=0/2 train_seconds=433.55 validation_seconds=108.75 checkpoint_seconds=6.71 rss_mb=14436.3 private_mb=18808.6 commit_available_mb=20875.5
2026-08-25 21:39:36,945 | INFO | epoch=6 train_loss=1.909493 validation_loss=2.024525 train_samples=6949073 validation_samples=284899 best=True significant=True bad_epochs=0/2 train_seconds=493.48 validation_seconds=13.75 checkpoint_seconds=7.04 rss_mb=16580.6 private_mb=23469.1 commit_available_mb=17968.0
2026-08-25 21:44:29,668 | INFO | epoch=7 train_loss=1.904699 validation_loss=2.021056 train_samples=6949073 validation_samples=284899 best=True significant=True bad_epochs=0/2 train_seconds=277.09 validation_seconds=13.73 checkpoint_seconds=1.91 rss_mb=17766.2 private_mb=24896.8 commit_available_mb=18331.5
2026-08-25 21:49:23,616 | INFO | epoch=8 train_loss=1.900845 validation_loss=2.018549 train_samples=6949073 validation_samples=284899 best=True significant=True bad_epochs=0/2 train_seconds=278.45 validation_seconds=13.78 checkpoint_seconds=1.71 rss_mb=18379.0 private_mb=26077.3 commit_available_mb=18981.9
2026-08-25 21:54:30,011 | INFO | epoch=9 train_loss=1.897736 validation_loss=2.016564 train_samples=6949073 validation_samples=284899 best=True significant=False bad_epochs=1/2 train_seconds=285.66 validation_seconds=13.77 checkpoint_seconds=6.97 rss_mb=18030.7 private_mb=30564.8 commit_available_mb=19805.2
2026-08-25 21:59:25,550 | INFO | epoch=10 train_loss=1.895184 validation_loss=2.014543 train_samples=6949073 validation_samples=284899 best=True significant=True bad_epochs=0/2 train_seconds=279.62 validation_seconds=14.16 checkpoint_seconds=1.75 rss_mb=17226.9 private_mb=32004.1 commit_available_mb=21616.4
2026-08-25 22:04:34,697 | INFO | epoch=11 train_loss=1.892842 validation_loss=2.012822 train_samples=6949073 validation_samples=284899 best=True significant=False bad_epochs=1/2 train_seconds=279.60 validation_seconds=24.08 checkpoint_seconds=5.47 rss_mb=15343.5 private_mb=32941.5 commit_available_mb=22665.6
2026-08-25 22:40:57,396 | INFO | epoch=12 train_loss=1.890855 validation_loss=2.011008 train_samples=6949073 validation_samples=284899 best=True significant=True bad_epochs=0/2 train_seconds=2063.30 validation_seconds=100.33 checkpoint_seconds=19.00 rss_mb=6617.3 private_mb=37540.5 commit_available_mb=21919.1
2026-08-25 22:40:57,438 | INFO | training complete completed_epoch=12 best_epoch=12 best_validation_loss=2.011008 elapsed_seconds=5372.91
