2026-08-24 20:22:34,134 | INFO | Stage 5 unit tests:
test_restore_produces_identical_output (test_checkpoint.CheckpointTest) ... ok
test_group_metrics_unseen_denominator_and_complementarity (test_faiss_and_evaluation.FaissEvaluationTest) ... ok
test_hnsw_retrieval_recall_matches_set_overlap (test_faiss_and_evaluation.FaissEvaluationTest) ... ok
test_toy_faiss_retrieval_and_history_filter (test_faiss_and_evaluation.FaissEvaluationTest) ... <frozen importlib._bootstrap>:241: DeprecationWarning: builtin type SwigPyPacked has no __module__ attribute
<frozen importlib._bootstrap>:241: DeprecationWarning: builtin type SwigPyObject has no __module__ attribute
<frozen importlib._bootstrap>:241: DeprecationWarning: builtin type swigvarlink has no __module__ attribute
ok
test_unseen_exclusion_and_physical_row_alignment (test_faiss_and_evaluation.FaissEvaluationTest) ... ok
test_zero_user_vector_is_not_sent_to_faiss (test_faiss_and_evaluation.FaissEvaluationTest) ... ok
test_partitioned_build_cutoff_non_candidate_seed_and_retrieval (test_itemcf.ItemCFTest) ... ok
test_unknown_window_and_self_are_ignored (test_itemcf.ItemCFTest) ... ok
test_window_weights_cosine_candidate_and_topn (test_itemcf.ItemCFTest) ... ok
test_repeated_target_detection_and_split_ratio (test_protocol_audits.ProtocolAuditTest) ... ok
test_iterable_dataset_uses_requested_split_and_limit (test_streaming_data.StreamingDataTest) ... ok
test_negative_pool_uses_train_counts_not_eval_candidate_membership (test_streaming_data.StreamingDataTest) ... ok
test_strict_prefix_collation_and_negative_exclusion (test_streaming_data.StreamingDataTest) ... ok
test_device_fallback (test_two_tower_model.TwoTowerModelTest) ... ok
test_forward_shape_pad_mean_and_gradient (test_two_tower_model.TwoTowerModelTest) ... ok

----------------------------------------------------------------------
Ran 15 tests in 2.641s

OK

2026-08-24 20:22:34,137 | INFO | comparison complete selected_itemcf=click3_recent20 elapsed_seconds=7.00
2026-08-25 23:42:05,857 | INFO | comparison complete selected_itemcf=click3_recent20 elapsed_seconds=0.80
2026-08-26 00:03:01,329 | INFO | Stage 5 unit tests:
test_cpu_checkpoint_buffer_reuses_tensor_storage (test_checkpoint.CheckpointTest) ... ok
test_failed_atomic_save_preserves_previous_checkpoint (test_checkpoint.CheckpointTest) ... ok
test_mmap_resume_releases_file_before_atomic_model_only_replace (test_checkpoint.CheckpointTest) ... ok
test_model_load_returns_metadata_without_large_state_dicts (test_checkpoint.CheckpointTest) ... ok
test_model_only_checkpoint_rejects_training_resume (test_checkpoint.CheckpointTest) ... ok
test_restore_produces_identical_output (test_checkpoint.CheckpointTest) ... ok
test_training_load_returns_metadata_without_large_state_dicts (test_checkpoint.CheckpointTest) ... ok
test_legacy_resume_history_gets_complete_validation_baseline (test_early_stopping.ValidationLossEarlyStoppingTest) ... ok
test_meaningful_improvement_resets_patience (test_early_stopping.ValidationLossEarlyStoppingTest) ... ok
test_resume_uses_checkpoint_loss_for_legacy_checkpoint (test_early_stopping.ValidationLossEarlyStoppingTest) ... ok
test_stops_after_patience_without_meaningful_improvement (test_early_stopping.ValidationLossEarlyStoppingTest) ... ok
test_group_metrics_unseen_denominator_and_complementarity (test_faiss_and_evaluation.FaissEvaluationTest) ... ok
test_hnsw_retrieval_recall_matches_set_overlap (test_faiss_and_evaluation.FaissEvaluationTest) ... ok
test_toy_faiss_retrieval_and_history_filter (test_faiss_and_evaluation.FaissEvaluationTest) ... <frozen importlib._bootstrap>:241: DeprecationWarning: builtin type SwigPyPacked has no __module__ attribute
<frozen importlib._bootstrap>:241: DeprecationWarning: builtin type SwigPyObject has no __module__ attribute
<frozen importlib._bootstrap>:241: DeprecationWarning: builtin type swigvarlink has no __module__ attribute
ok
test_unseen_exclusion_and_physical_row_alignment (test_faiss_and_evaluation.FaissEvaluationTest) ... ok
test_zero_user_vector_is_not_sent_to_faiss (test_faiss_and_evaluation.FaissEvaluationTest) ... ok
test_partitioned_build_cutoff_non_candidate_seed_and_retrieval (test_itemcf.ItemCFTest) ... ok
test_unknown_window_and_self_are_ignored (test_itemcf.ItemCFTest) ... ok
test_window_weights_cosine_candidate_and_topn (test_itemcf.ItemCFTest) ... ok
test_repeated_target_detection_and_split_ratio (test_protocol_audits.ProtocolAuditTest) ... ok
test_iterable_dataset_uses_requested_split_and_limit (test_streaming_data.StreamingDataTest) ... ok
test_negative_pool_uses_train_counts_not_eval_candidate_membership (test_streaming_data.StreamingDataTest) ... ok
test_ragged_collation_avoids_padding (test_streaming_data.StreamingDataTest) ... ok
test_strict_prefix_collation_and_negative_exclusion (test_streaming_data.StreamingDataTest) ... ok
test_vectorized_negative_sampling_excludes_each_target_and_history (test_streaming_data.StreamingDataTest) ... ok
test_device_fallback (test_two_tower_model.TwoTowerModelTest) ... ok
test_forward_shape_pad_mean_and_gradient (test_two_tower_model.TwoTowerModelTest) ... ok
test_ragged_pooling_matches_dense_pooling_without_padding_amplification (test_two_tower_model.TwoTowerModelTest) ... ok

----------------------------------------------------------------------
Ran 28 tests in 2.602s

OK

2026-08-26 00:03:01,330 | INFO | comparison complete selected_itemcf=click3_recent20 elapsed_seconds=5.55
