阶段 1.4A 补充：action_type 缺失模式检查
数据目录：D:\AI-file\tecent\data\TencentGR-1M\seq
已处理 20 个批次，累计用户数：157358
已处理 40 个批次，累计用户数：312979
已处理 60 个批次，累计用户数：470333
已处理 80 个批次，累计用户数：631127
已处理 100 个批次，累计用户数：787613
已处理 120 个批次，累计用户数：943652

======================================================================
检查结果
总用户数：1001845
总行为数：90223574
缺失 action_type 数：790581
缺失比例：0.876247%

出现缺失行为的用户数：344817

缺失位置统计：
位于序列第一个位置：1546
位于序列中间位置：769748
位于序列最后一个位置：19287

用户级模式：
恰好一个缺失且位于最后位置的用户数：6639
其他缺失模式的用户数：338178

每名用户的缺失行为数量分布：
每名用户缺失 1 次：178497 名用户
每名用户缺失 2 次：73924 名用户
每名用户缺失 3 次：36691 名用户
每名用户缺失 4 次：20161 名用户
每名用户缺失 5 次：11838 名用户
每名用户缺失 6 次：7281 名用户
每名用户缺失 7 次：4500 名用户
每名用户缺失 8 次：3104 名用户
每名用户缺失 9 次：2065 名用户
每名用户缺失 10 次：1503 名用户
每名用户缺失 11 次：1079 名用户
每名用户缺失 12 次：851 名用户
每名用户缺失 13 次：645 名用户
每名用户缺失 14 次：488 名用户
每名用户缺失 15 次：353 名用户
每名用户缺失 16 次：339 名用户
每名用户缺失 17 次：289 名用户
每名用户缺失 18 次：211 名用户
每名用户缺失 19 次：180 名用户
每名用户缺失 20 次：123 名用户
每名用户缺失 21 次：96 名用户
每名用户缺失 22 次：100 名用户
每名用户缺失 23 次：85 名用户
每名用户缺失 24 次：70 名用户
每名用户缺失 25 次：64 名用户
每名用户缺失 26 次：57 名用户
每名用户缺失 27 次：46 名用户
每名用户缺失 28 次：26 名用户
每名用户缺失 29 次：25 名用户
每名用户缺失 30 次：15 名用户
每名用户缺失 31 次：16 名用户
每名用户缺失 32 次：13 名用户
每名用户缺失 33 次：13 名用户
每名用户缺失 34 次：12 名用户
每名用户缺失 35 次：10 名用户
每名用户缺失 36 次：9 名用户
每名用户缺失 37 次：7 名用户
每名用户缺失 38 次：8 名用户
每名用户缺失 39 次：4 名用户
每名用户缺失 40 次：3 名用户
每名用户缺失 41 次：3 名用户
每名用户缺失 42 次：1 名用户
每名用户缺失 43 次：2 名用户
每名用户缺失 44 次：4 名用户
每名用户缺失 46 次：1 名用户
每名用户缺失 48 次：1 名用户
每名用户缺失 49 次：1 名用户
每名用户缺失 51 次：1 名用户
每名用户缺失 61 次：1 名用户
每名用户缺失 66 次：1 名用户

缺失样例：
{'user_id': 953188, 'sequence_length': 94, 'null_positions_0_based': [82]}
{'user_id': 771916, 'sequence_length': 89, 'null_positions_0_based': [83]}
{'user_id': 175810, 'sequence_length': 100, 'null_positions_0_based': [34]}
{'user_id': 209508, 'sequence_length': 95, 'null_positions_0_based': [52]}
{'user_id': 788184, 'sequence_length': 92, 'null_positions_0_based': [66]}
{'user_id': 348948, 'sequence_length': 98, 'null_positions_0_based': [71, 81, 83, 90, 96, 97]}
{'user_id': 20102, 'sequence_length': 99, 'null_positions_0_based': [56]}
{'user_id': 630152, 'sequence_length': 100, 'null_positions_0_based': [55, 56, 71, 85]}
{'user_id': 44504, 'sequence_length': 94, 'null_positions_0_based': [88, 89]}
{'user_id': 165352, 'sequence_length': 100, 'null_positions_0_based': [70]}

======================================================================
action_type 缺失模式检查完成。
