阶段 2.1：用户序列长度与行为构成
输入路径：D:\AI-file\tecent\data\TencentGR-1M\seq
已处理 20 个批次，累计用户数：157,358，累计行为数：14,181,228
已处理 40 个批次，累计用户数：312,979，累计行为数：28,191,613
已处理 60 个批次，累计用户数：470,333，累计行为数：42,362,526
已处理 80 个批次，累计用户数：631,127，累计行为数：56,842,034
已处理 100 个批次，累计用户数：787,613，累计行为数：70,929,816
已处理 120 个批次，累计用户数：943,652，累计行为数：84,985,024

========================================================================
阶段 2.1 完成
关键输出文件：
- D:\AI-file\tecent\artifacts\eda\metrics\stage2_1_sequence_behavior.json
- D:\AI-file\tecent\artifacts\eda\tables\stage2_1_sequence_length_hist.csv
- D:\AI-file\tecent\artifacts\eda\tables\stage2_1_action_composition.csv
- D:\AI-file\tecent\artifacts\eda\tables\stage2_1_click_count_groups.csv
- D:\AI-file\tecent\artifacts\eda\tables\stage2_1_user_ratio_quantiles.csv
- D:\AI-file\tecent\artifacts\eda\figures\stage2_1_sequence_length_hist.png
- D:\AI-file\tecent\artifacts\eda\figures\stage2_1_sequence_length_cdf.png
- D:\AI-file\tecent\artifacts\eda\figures\stage2_1_click_count_per_user.png
- D:\AI-file\tecent\artifacts\eda\figures\stage2_1_click_event_ratio_distribution.png
- D:\AI-file\tecent\artifacts\eda\figures\stage2_1_unknown_ratio_distribution.png
