阶段 1.4A：核心数据健康检查
数据目录：D:\AI-file\tecent\data\TencentGR-1M

======================================================================
数据表：user_feat
总行数：1001845
空主键数：0
非正数主键数：0
唯一主键数：1001845
重复主键额外行数：0

======================================================================
数据表：item_feat
总行数：4783154
空主键数：0
非正数主键数：0
唯一主键数：4783154
重复主键额外行数：0
已处理 20 个批次，累计用户数：157358
已处理 40 个批次，累计用户数：312979
已处理 60 个批次，累计用户数：470333
已处理 80 个批次，累计用户数：631127
已处理 100 个批次，累计用户数：787613
已处理 120 个批次，累计用户数：943652

======================================================================
seq 核心检查结果

用户记录行数：1001845
唯一用户数：1001845
缺失用户 ID 数：0
重复用户额外行数：0
缺失序列数：0
空序列数：0

总行为数：90223574
曝光行为数 action_type=0：80656635
点击行为数 action_type=1：8776358
缺失行为类型数：790581
非法行为类型数：0

缺失广告 ID 的行为数：0
非法广告 ID 的行为数：0

缺失时间戳的行为数：0
时间戳逆序相邻对数：0
存在时间逆序的用户数：0

跨表覆盖率：
user_feat 用户覆盖率：100.000000%
item_feat 唯一广告覆盖率：100.000000%
item_feat 行为级覆盖率：100.000000%

======================================================================
阶段 1.4A 完成。
