阶段 1.4B：候选广告与多模态一致性检查
数据根目录：D:\AI-file\tecent\data\TencentGR-1M
加载 indexer.pkl……
indexer 物品映射数量：4783154

======================================================================
检查 candidate
路径：D:\AI-file\tecent\data\TencentGR-1M\candidate
总行数：660000
缺失 item_id 数：0
重复 item_id 额外行数：0
缺失 retrieval_id 数：0
重复 retrieval_id 额外行数：0
retrieval_id 是否为 0 到 N-1 连续编号：True

能映射到训练 RID 的候选数：511029
不能映射的候选数：148971
candidate OID 映射率：77.428636%

未映射候选 OID 样例：
[20000018288 20000020887 20000040093 20000062723 20000076076 20000085335
 20000092491 20000113069 20000135879 20000154218]

======================================================================
检查 mm_emb_81_32
路径：D:\AI-file\tecent\data\TencentGR-1M\mm_emb\emb_81_32_parquet
已处理 10 个批次，累计向量数：655360
已处理 20 个批次，累计向量数：1261855
已处理 30 个批次，累计向量数：1870330
已处理 40 个批次，累计向量数：2462008
已处理 50 个批次，累计向量数：3063568
已处理 60 个批次，累计向量数：3672043
已处理 70 个批次，累计向量数：4291316

总向量记录数：4742961
缺失 anonymous_cid 数：0
非法 OID 数：0
重复 OID 额外行数：0

缺失 Embedding 数：9678
非 32 维向量数：0
NaN/Inf 元素数量：0
全零向量数：0

能映射到训练 RID 的唯一 OID 数：4595474
不能映射的唯一 OID 数：147487
多模态 OID 映射率：96.890402%
历史广告多模态覆盖率：96.076229%

未映射多模态 OID 样例：
[20000000021 20000000077 20000000085 20000000136 20000000169 20000000184
 20000000190 20000000214 20000000216 20000000230]

======================================================================
阶段 1.4B 完成。
